C51 COMPILER V9.60.0.0   IRFAPP_MAIN                                                       01/31/2021 11:14:44 PAGE 1   


C51 COMPILER V9.60.0.0, COMPILATION OF MODULE IRFAPP_MAIN
OBJECT MODULE PLACED IN .\Objects\irfapp_main.obj
COMPILER INVOKED BY: C:\Keil_v5\C51\BIN\C51.EXE ..\App\irfapp_main.c LARGE OPTIMIZE(8,SPEED) BROWSE INCDIR(..\App;..\Mid
                    -;..\Driver;..\Utilities;..\Common) DEFINE(FOSC_160000) DEBUG OBJECTEXTEND PRINT(.\irfapp_main.lst) TABS(2) OBJECT(.\Obje
                    -cts\irfapp_main.obj)

line level    source

   1          /*
   2           *      irfapp_main.c
   3           *
   4           *      Created on: Dec 25, 2020
   5           *      Author: Truong VV
   6           */
   7          
   8          #include "N76E003.h"
   9          #include "SFR_Macro.h"
  10          #include "Function_Define.h"
  11          #include "irfapp_main.h"
  12          
  13          
  14          volatile uint8_t deviceAnnounceFlag = 0;
  15          volatile uint8_t checkConnectFlag = 0;
  16          volatile uint8_t startRunFlag = 0;
  17          volatile uint8_t stopRunFlag = 0;
  18          volatile uint8_t updownFloorFlag = 0;
  19          volatile uint8_t getStateMotorFlag = 0;
  20          volatile uint8_t getStateFloorFlag = 0;
  21          volatile uint8_t setSpeedMotorFlag = 0;
  22          volatile uint8_t getAllStateFlag = 0;
  23          volatile uint8_t resetDeviceFlag = 0;
  24          volatile uint8_t speedValue = 0;
  25          
  26          
  27          /******************************************************************************/
  28          /*                              FUNCTION                                      */
  29          /******************************************************************************/
  30          static void APP_DeviceAnnounce(u8 type,u8 *buff, u8 length);
  31          
  32          static void APP_CheckConnect(u8 type,u8 *buff, u8 length);
  33          
  34          static void APP_StartRun(u8 type,u8 *buff, u8 length);
  35          
  36          static void APP_StopRun(u8 type, u8 *buff, u8 length);
  37          
  38          static void APP_UpDownFloor(u8 type, u8 *buff, u8 length);
  39          
  40          static void APP_GetStateMotor(u8 type, u8 *buff, u8 length);
  41          
  42          static void APP_GetStateFloor(u8 type, u8 *buff, u8 length);
  43          
  44          static void APP_SetSpeedMotor(u8 type, u8 *buff, u8 length);
  45          
  46          static void APP_GetAllState(u8 type, u8 *buff, u8 length);
  47          
  48          static void APP_ResetDevice(u8 type, u8 *buff, u8 length);
  49          
  50          
  51          /**
  52           * @func   APP_CheckCommandExistAndExecutes
  53           * @brief  None
C51 COMPILER V9.60.0.0   IRFAPP_MAIN                                                       01/31/2021 11:14:44 PAGE 2   

  54           * @param  
  55           * @retval None
  56           */
  57          void APP_CheckCommandExistAndExecutes(u8 command, u8 type, u8* buff, u8 length)
  58          {
  59   1          switch (command)
  60   1          {
  61   2          case DEVICE_ANNOUNCE:
  62   2              APP_DeviceAnnounce(type, buff, length);
  63   2              break;
  64   2          case CHECK_CONNECT:
  65   2              APP_CheckConnect(type, buff, length);
  66   2              break;
  67   2          case START_RUN:
  68   2              APP_StartRun(type, buff, length);
  69   2              break;
  70   2          case STOP_RUN:
  71   2              APP_StopRun(type, buff, length);
  72   2              break;
  73   2          case UP_DOW_FLOOR:
  74   2              APP_UpDownFloor(type, buff, length);
  75   2              break;
  76   2          case GET_STATE_MOTOR:
  77   2              APP_GetStateMotor(type, buff, length);
  78   2              break;
  79   2          case GET_STATE_FLOOR:
  80   2              APP_GetStateFloor(type, buff, length);
  81   2              break;
  82   2          case SET_SPEED_MOTOR:
  83   2              APP_SetSpeedMotor(type, buff, length);
  84   2              break;
  85   2          case GET_ALL_STATE:
  86   2              APP_GetAllState(type, buff, length);
  87   2              break;
  88   2          case RESET_DEVICE:
  89   2              APP_ResetDevice(type, buff, length);
  90   2              break;
  91   2          default:
  92   2              break;
  93   2          }
  94   1      }
  95          
  96          
  97          /**
  98           * @func   APP_DeviceAnnounce
  99           * @brief  None
 100           * @param  
 101           * @retval None
 102           */
 103          static void APP_DeviceAnnounce(u8 type,u8 *buff, u8 length)
 104          {
 105   1          deviceAnnounceFlag = 1;
 106   1      }
*** WARNING C280 IN LINE 103 OF ..\App\irfapp_main.c: 'type': unreferenced local variable
*** WARNING C280 IN LINE 103 OF ..\App\irfapp_main.c: 'buff': unreferenced local variable
*** WARNING C280 IN LINE 103 OF ..\App\irfapp_main.c: 'length': unreferenced local variable
 107          
 108          /**
 109           * @func   APP_CheckConnect
 110           * @brief  None
 111           * @param  
 112           * @retval None
C51 COMPILER V9.60.0.0   IRFAPP_MAIN                                                       01/31/2021 11:14:44 PAGE 3   

 113           */
 114          static void APP_CheckConnect(u8 type,u8 *buff, u8 length)
 115          {
 116   1        checkConnectFlag = 1;
 117   1      }
*** WARNING C280 IN LINE 114 OF ..\App\irfapp_main.c: 'type': unreferenced local variable
*** WARNING C280 IN LINE 114 OF ..\App\irfapp_main.c: 'buff': unreferenced local variable
*** WARNING C280 IN LINE 114 OF ..\App\irfapp_main.c: 'length': unreferenced local variable
 118          
 119          /**
 120           * @func   APP_StartRun
 121           * @brief  None
 122           * @param  
 123           * @retval None
 124           */
 125          static void APP_StartRun(u8 type,u8 *buff, u8 length)
 126          {
 127   1          startRunFlag = 1;
 128   1      }
*** WARNING C280 IN LINE 125 OF ..\App\irfapp_main.c: 'type': unreferenced local variable
*** WARNING C280 IN LINE 125 OF ..\App\irfapp_main.c: 'buff': unreferenced local variable
*** WARNING C280 IN LINE 125 OF ..\App\irfapp_main.c: 'length': unreferenced local variable
 129          
 130          /**
 131           * @func   APP_StopRun
 132           * @brief  None
 133           * @param  
 134           * @retval None
 135           */
 136          static void APP_StopRun(u8 type, u8 *buff, u8 length)
 137          {
 138   1          stopRunFlag = 1;
 139   1      }
*** WARNING C280 IN LINE 136 OF ..\App\irfapp_main.c: 'type': unreferenced local variable
*** WARNING C280 IN LINE 136 OF ..\App\irfapp_main.c: 'buff': unreferenced local variable
*** WARNING C280 IN LINE 136 OF ..\App\irfapp_main.c: 'length': unreferenced local variable
 140          
 141          /**
 142           * @func   APP_UpDownFloor
 143           * @brief  None
 144           * @param  
 145           * @retval None
 146           */
 147          static void APP_UpDownFloor(u8 type, u8 *buff, u8 length)
 148          {
 149   1          updownFloorFlag = 1;
 150   1      }
*** WARNING C280 IN LINE 147 OF ..\App\irfapp_main.c: 'type': unreferenced local variable
*** WARNING C280 IN LINE 147 OF ..\App\irfapp_main.c: 'buff': unreferenced local variable
*** WARNING C280 IN LINE 147 OF ..\App\irfapp_main.c: 'length': unreferenced local variable
 151          
 152          /**
 153           * @func   APP_GetStateMotor
 154           * @brief  None
 155           * @param  
 156           * @retval None
 157           */
 158          static void APP_GetStateMotor(u8 type, u8 *buff, u8 length)
 159          {
 160   1          getStateMotorFlag = 1;
 161   1      
 162   1      }
C51 COMPILER V9.60.0.0   IRFAPP_MAIN                                                       01/31/2021 11:14:44 PAGE 4   

*** WARNING C280 IN LINE 158 OF ..\App\irfapp_main.c: 'type': unreferenced local variable
*** WARNING C280 IN LINE 158 OF ..\App\irfapp_main.c: 'buff': unreferenced local variable
*** WARNING C280 IN LINE 158 OF ..\App\irfapp_main.c: 'length': unreferenced local variable
 163          
 164          /**
 165           * @func   APP_GetStateFloor
 166           * @brief  None
 167           * @param  
 168           * @retval None
 169           */
 170          static void APP_GetStateFloor(u8 type, u8 *buff, u8 length)
 171          {
 172   1          getStateFloorFlag = 1;
 173   1      }
*** WARNING C280 IN LINE 170 OF ..\App\irfapp_main.c: 'type': unreferenced local variable
*** WARNING C280 IN LINE 170 OF ..\App\irfapp_main.c: 'buff': unreferenced local variable
*** WARNING C280 IN LINE 170 OF ..\App\irfapp_main.c: 'length': unreferenced local variable
 174          
 175          /**
 176           * @func   APP_SetSpeedMotor
 177           * @brief  None
 178           * @param  
 179           * @retval None
 180           */
 181          static void APP_SetSpeedMotor(u8 type, u8 *buff, u8 length)
 182          {
 183   1          setSpeedMotorFlag = 1;
 184   1          speedValue = buff[0];
 185   1      }
*** WARNING C280 IN LINE 181 OF ..\App\irfapp_main.c: 'type': unreferenced local variable
*** WARNING C280 IN LINE 181 OF ..\App\irfapp_main.c: 'length': unreferenced local variable
 186          
 187          /**
 188           * @func   APP_GetAllState
 189           * @brief  None
 190           * @param  
 191           * @retval None
 192           */
 193          static void APP_GetAllState(u8 type, u8 *buff, u8 length)
 194          {
 195   1          getAllStateFlag = 1;
 196   1      }   
*** WARNING C280 IN LINE 193 OF ..\App\irfapp_main.c: 'type': unreferenced local variable
*** WARNING C280 IN LINE 193 OF ..\App\irfapp_main.c: 'buff': unreferenced local variable
*** WARNING C280 IN LINE 193 OF ..\App\irfapp_main.c: 'length': unreferenced local variable
 197          
 198          /**
 199           * @func   APP_ResetDevice
 200           * @brief  None
 201           * @param  
 202           * @retval None
 203           */
 204          static void APP_ResetDevice(u8 type, u8 *buff, u8 length)
 205          {
 206   1          resetDeviceFlag = 1;
 207   1      }
*** WARNING C280 IN LINE 204 OF ..\App\irfapp_main.c: 'type': unreferenced local variable
*** WARNING C280 IN LINE 204 OF ..\App\irfapp_main.c: 'buff': unreferenced local variable
*** WARNING C280 IN LINE 204 OF ..\App\irfapp_main.c: 'length': unreferenced local variable


MODULE INFORMATION:   STATIC OVERLAYABLE
C51 COMPILER V9.60.0.0   IRFAPP_MAIN                                                       01/31/2021 11:14:44 PAGE 5   

   CODE SIZE        =    491    ----
   CONSTANT SIZE    =   ----    ----
   XDATA SIZE       =     11      56
   PDATA SIZE       =   ----    ----
   DATA SIZE        =   ----    ----
   IDATA SIZE       =   ----    ----
   BIT SIZE         =   ----    ----
END OF MODULE INFORMATION.


C51 COMPILATION COMPLETE.  29 WARNING(S),  0 ERROR(S)
