C51 COMPILER V9.60.0.0   MAINFUNCLIST                                                      01/31/2021 11:17:48 PAGE 1   


C51 COMPILER V9.60.0.0, COMPILATION OF MODULE MAINFUNCLIST
OBJECT MODULE PLACED IN .\Objects\mainfunclist.obj
COMPILER INVOKED BY: C:\Keil_v5\C51\BIN\C51.EXE ..\App\mainfunclist.c LARGE OPTIMIZE(8,SPEED) BROWSE INCDIR(..\App;..\Mi
                    -d;..\Driver;..\Utilities;..\Common) DEFINE(FOSC_160000) DEBUG OBJECTEXTEND PRINT(.\mainfunclist.lst) TABS(2) OBJECT(.\Ob
                    -jects\mainfunclist.obj)

line level    source

   1          /*
   2           *      mainfunclist.c
   3           *
   4           *      Created on: Dec 25, 2020
   5           *      Author: Truong VV
   6           */
   7          
   8          #include "N76E003.h"
   9          #include "SFR_Macro.h"
  10          #include "Function_Define.h"
  11          #include "irfapp_main.h"
  12          #include "mainfunclist.h"
  13          #include "Irf.h"
  14          #include "motor.h"
  15          #include "relay.h"
  16          #include "xor.h"
  17          
  18          /******************************************************************************/
  19          /*                              DECLARE                                      */
  20          /******************************************************************************/
  21          
  22          uint8_t checkConnect[]  = {0x20, 0xA1, 0x00, 0x01, 0x0A, 0x8A};
  23          uint8_t startRun[]      = {0x30, 0xA1, 0x00, 0x01, 0x0A, 0x9A};
  24          uint8_t stopRun[]       = {0x40, 0xA1, 0x00, 0x01, 0x0A, 0xEA};
  25          uint8_t updownFloor[]   = {0x50, 0xA1, 0x00, 0x01, 0x0A, 0xFA};
  26          uint8_t getStateMotor[] = {0x70, 0xA1, 0x00, 0x01, 0x72, 0xA2};
  27          uint8_t getStateFloor[] = {0x73, 0xA1, 0x00, 0x01, 0x75, 0xA6};
  28          uint8_t setSpeedMotor[] = {0x80, 0xA1, 0x00, 0x01, 0x0A, 0x2A};
  29          uint8_t getAllState[]   = {0x90, 0xA1, 0x00, 0x02, 0x21, 0x71, 0x63};
  30          uint8_t resetDevice[]   = {0x0F, 0xA1, 0x00, 0x01, 0x0A, 0xA5};
  31          
  32          extern volatile uint8_t deviceAnnounceFlag;
  33          extern volatile uint8_t checkConnectFlag;
  34          extern volatile uint8_t startRunFlag;
  35          extern volatile uint8_t stopRunFlag;
  36          extern volatile uint8_t updownFloorFlag;
  37          extern volatile uint8_t getStateMotorFlag;
  38          extern volatile uint8_t getStateFloorFlag;
  39          extern volatile uint8_t setSpeedMotorFlag;
  40          extern volatile uint8_t getAllStateFlag;
  41          extern volatile uint8_t resetDeviceFlag = 0;
  42          extern volatile uint8_t speedValue;
  43          
  44          uint16_t currentDuty;
  45          uint8_t stateConnectFlag;
  46          uint8_t stateMotorFlag;
  47          uint8_t stateFloorFlag;
  48          
  49          /******************************************************************************/
  50          /*                              FUNCTION                                      */
  51          /******************************************************************************/
  52          
  53          /**
C51 COMPILER V9.60.0.0   MAINFUNCLIST                                                      01/31/2021 11:17:48 PAGE 2   

  54           * @func   funcHandle_AllFlag
  55           * @brief  None
  56           * @param  
  57           * @retval None
  58           */
  59          void funcHandle_AllFlag(void)
  60          {
  61   1          if(deviceAnnounceFlag==1||checkConnectFlag==1||startRunFlag==1||\
  62   1              stopRunFlag==1||updownFloorFlag==1||getStateMotorFlag==1||\
  63   1              getStateFloorFlag==1||setSpeedMotorFlag==1||getAllStateFlag==1)
  64   1          {
  65   2              if(deviceAnnounceFlag == 1)
  66   2              {
  67   3                  funcHandle_DeviceAnnounceFlag();
  68   3      
  69   3              }else if(checkConnectFlag == 1)
  70   2              {
  71   3                  funcHandle_CheckConnectFlag();
  72   3      
  73   3              }else if(startRunFlag == 1)
  74   2              {   
  75   3                  funcHandle_StartRunFlag();
  76   3      
  77   3              }else if(stopRunFlag == 1)
  78   2              {
  79   3                  funcHandle_StopRunFlag();
  80   3      
  81   3              }else if(updownFloorFlag == 1)
  82   2              {
  83   3                  funcHandle_UpdownFloorFlag();
  84   3      
  85   3              }else if(getStateMotorFlag == 1)
  86   2              {
  87   3                  funcHandle_GetStateMotorFlag();
  88   3      
  89   3              }else if(getStateFloorFlag == 1)
  90   2              {
  91   3                  funcHandle_GetStateFloorFlag();
  92   3      
  93   3              }else if(setSpeedMotorFlag == 1)
  94   2              {
  95   3                  funcHandle_SetSpeedMotorFlag();
  96   3      
  97   3              }else if(getAllStateFlag == 1)
  98   2              {
  99   3                  funcHandle_GetAllStateFlag();
 100   3      
 101   3              }
 102   2          }
 103   1      }
 104          /**
 105           * @func   funcHandle_DeviceAnnounceFlag
 106           * @brief  None
 107           * @param  
 108           * @retval None
 109           */
 110          void funcHandle_DeviceAnnounceFlag(void)
 111          {
 112   1          
 113   1      }
 114          /**
 115           * @func   funcHandle_CheckConnectFlag
C51 COMPILER V9.60.0.0   MAINFUNCLIST                                                      01/31/2021 11:17:48 PAGE 3   

 116           * @brief  None
 117           * @param  
 118           * @retval None
 119           */
 120          void funcHandle_CheckConnectFlag(void)
 121          {
 122   1          checkConnectFlag = 0;
 123   1          IRF_Send(checkConnect, sizeof(checkConnect));
 124   1          stateConnectFlag = 1;
 125   1      }
 126          /**
 127           * @func   funcHandle_StartRunFlag
 128           * @brief  None
 129           * @param  
 130           * @retval None
 131           */
 132          void funcHandle_StartRunFlag(void)
 133          {
 134   1          startRunFlag = 0;
 135   1          IRF_Send(startRun, sizeof(startRun));
 136   1          RELAY_AC(ON);
 137   1          MOTOR_SetSpeed(DEFAULTDUTY, DEFAULTSPEEP);
 138   1          currentDuty = DEFAULTSPEEP;
 139   1      }
 140          /**
 141           * @func   funcHandle_StopRunFlag
 142           * @brief  None
 143           * @param  
 144           * @retval None
 145           */
 146          void funcHandle_StopRunFlag(void)
 147          {
 148   1      
 149   1          stopRunFlag = 0;
 150   1          IRF_Send(stopRun, sizeof(stopRun));
 151   1          MOTOR_SetSpeed(currentDuty, DEFAULTDUTY);
 152   1          RELAY_AC(OFF);
 153   1      }
 154          /**
 155           * @func   funcHandle_UpdownFloorFlag
 156           * @brief  None
 157           * @param  
 158           * @retval None
 159           */
 160          void funcHandle_UpdownFloorFlag(void)
 161          {
 162   1          updownFloorFlag = 0;
 163   1          IRF_Send(updownFloor, sizeof(updownFloor));
 164   1      }
 165          
 166          /**
 167           * @func   funcHandle_GetStateMotorFlag
 168           * @brief  None
 169           * @param  
 170           * @retval None
 171           */
 172          void funcHandle_GetStateMotorFlag(void)
 173          {
 174   1          getStateMotorFlag = 0;
 175   1          IRF_Send(getStateMotor, sizeof(getStateMotor));
 176   1      }
 177          /**
C51 COMPILER V9.60.0.0   MAINFUNCLIST                                                      01/31/2021 11:17:48 PAGE 4   

 178           * @func   funcHandle_GetStateFloorFlag
 179           * @brief  None
 180           * @param  
 181           * @retval None
 182           */
 183          void funcHandle_GetStateFloorFlag(void)
 184          {
 185   1          getStateFloorFlag = 0;
 186   1          IRF_Send(getStateFloor, sizeof(getStateFloor));
 187   1      }
 188          
 189          /**
 190           * @func   funcHandle_SetSpeedMotorFlag
 191           * @brief  None
 192           * @param  
 193           * @retval None
 194           */
 195          void funcHandle_SetSpeedMotorFlag(void)
 196          {
 197   1          uint16_t desireDuty;
 198   1          setSpeedMotorFlag = 0;
 199   1          IRF_Send(setSpeedMotor, sizeof(setSpeedMotor));
 200   1          desireDuty = MOTOR_GetCurrentSpeed(speedValue);
 201   1          MOTOR_SetSpeed(currentDuty, desireDuty);
 202   1          currentDuty = desireDuty;
 203   1      }
 204          
 205          /**
 206           * @func   funcHandle_GetAllStateFlag
 207           * @brief  None
 208           * @param  
 209           * @retval None
 210           */
 211          void funcHandle_GetAllStateFlag(void)
 212          {
 213   1          getAllStateFlag = 0;
 214   1          /* kiem tra xem co motor hay khong */
 215   1          if(stateConnectFlag == 1)
 216   1          {
 217   2              getAllState[4] = CHECK_CONNECT_SUCCESS;
 218   2          }else
 219   1          {
 220   2              getAllState[4] = CHECK_CONNECT_NOTSUCCESS;
 221   2          }
 222   1          if(stateMotorFlag == 1)
 223   1          {
 224   2              getAllState[5] = IS_HAVEMOTOR;
 225   2          }else
 226   1          {
 227   2              getAllState[5] = IS_NOTMOTOR;
 228   2          }
 229   1          getAllState[6] = XOR_Caculator(getAllState, 0, sizeof(getAllState)-1);
*** WARNING C206 IN LINE 229 OF ..\App\mainfunclist.c: 'XOR_Caculator': missing function-prototype
*** ERROR C267 IN LINE 229 OF ..\App\mainfunclist.c: 'XOR_Caculator': requires ANSI-style prototype
 230   1          IRF_Send(getAllState, sizeof(getAllState));
 231   1      }
 232          
 233          /**
 234           * @func   funcHandle_ResetDeviceFlag
 235           * @brief  None
 236           * @param  
 237           * @retval None
C51 COMPILER V9.60.0.0   MAINFUNCLIST                                                      01/31/2021 11:17:48 PAGE 5   

 238           */
 239          void funcHandle_ResetDeviceFlag(void)
 240          {
 241   1          resetDeviceFlag = 0;
 242   1          IRF_Send(resetDevice, sizeof(resetDevice));
 243   1      
 244   1      }

C51 COMPILATION COMPLETE.  1 WARNING(S),  1 ERROR(S)
