C51 COMPILER V9.60.0.0   MOTOR                                                             01/31/2021 11:14:46 PAGE 1   


C51 COMPILER V9.60.0.0, COMPILATION OF MODULE MOTOR
OBJECT MODULE PLACED IN .\Objects\motor.obj
COMPILER INVOKED BY: C:\Keil_v5\C51\BIN\C51.EXE ..\Mid\motor.c LARGE OPTIMIZE(8,SPEED) BROWSE INCDIR(..\App;..\Mid;..\Dr
                    -iver;..\Utilities;..\Common) DEFINE(FOSC_160000) DEBUG OBJECTEXTEND PRINT(.\motor.lst) TABS(2) OBJECT(.\Objects\motor.ob
                    -j)

line level    source

   1          /*
   2           *  motor.c
   3           *
   4           *  Created on: Dec 25, 2020
   5           *      Author: Truong VV
   6           */
   7          
   8          #include "N76E003.h"
   9          #include "SFR_Macro.h"
  10          #include "Function_Define.h"
  11          #include "motor.h"
  12          #include "pwm.h"
  13          #include "delay.h"
  14          
  15          /******************************************************************************/
  16          /*                              FUNCTION                                      */
  17          /******************************************************************************/
  18          
  19          /**
  20           * @func    MOTOR_Config
  21           * @brief   None
  22           * @param   None
  23           */
  24          void MOTOR_Config(void)
  25          {
  26   1          PWM_PinInit();
  27   1          delay_ms(500);
  28   1      }
  29          /**
  30           * @func    MOTOR_Init
  31           * @brief   None
  32           * @param   None
  33           */
  34          void MOTOR_Init(uint16_t defaultDuty)
  35          {
  36   1          PWM_Init();
  37   1          PWM_CreatedPeriodDuty(defaultDuty);
  38   1      }
  39          /**
  40           * @func    MOTOR_GetCurrentSpeed
  41           * @brief   None
  42           * @param   None
  43           */
  44          uint16_t MOTOR_GetCurrentSpeed(uint8_t revSpeed)
  45          {
  46   1          float x = revSpeed/10.0;
  47   1          return ((uint16_t)(13650 - 150*x));
  48   1      }
  49          /**
  50           * @func    MOTOR_SetSpeed
  51           * @brief   None
  52           * @param   None
  53           */
C51 COMPILER V9.60.0.0   MOTOR                                                             01/31/2021 11:14:46 PAGE 2   

  54          void MOTOR_SetSpeed(uint16_t currentDuty, uint16_t desireDuty)
  55          {
  56   1          uint16_t i = 0;
  57   1          if(currentDuty >= desireDuty)
  58   1          {
  59   2              for(i = currentDuty; i >= desireDuty; i--)
  60   2              {
  61   3                  PWM_CreatedPeriodDuty(i);
  62   3                  delay_ms(10);
  63   3              }
  64   2          }else
  65   1          {
  66   2              for(i = currentDuty; i <= desireDuty; i++)
  67   2              {
  68   3                  PWM_CreatedPeriodDuty(i);
  69   3                  delay_ms(10);
  70   3              }
  71   2          }
  72   1      }


MODULE INFORMATION:   STATIC OVERLAYABLE
   CODE SIZE        =    252    ----
   CONSTANT SIZE    =   ----    ----
   XDATA SIZE       =   ----      12
   PDATA SIZE       =   ----    ----
   DATA SIZE        =   ----    ----
   IDATA SIZE       =   ----    ----
   BIT SIZE         =   ----    ----
END OF MODULE INFORMATION.


C51 COMPILATION COMPLETE.  0 WARNING(S),  0 ERROR(S)
