C51 COMPILER V9.60.0.0   PWM                                                               01/31/2021 11:14:45 PAGE 1   


C51 COMPILER V9.60.0.0, COMPILATION OF MODULE PWM
OBJECT MODULE PLACED IN .\Objects\pwm.obj
COMPILER INVOKED BY: C:\Keil_v5\C51\BIN\C51.EXE ..\Driver\pwm.c LARGE OPTIMIZE(8,SPEED) BROWSE INCDIR(..\App;..\Mid;..\D
                    -river;..\Utilities;..\Common) DEFINE(FOSC_160000) DEBUG OBJECTEXTEND PRINT(.\pwm.lst) TABS(2) OBJECT(.\Objects\pwm.obj)

line level    source

   1          /*
   2           * Copyright (c) 2021
   3           * Team, JSC.
   4           * All Rights Reserved
   5           *
   6           *
   7           * Description:
   8           *
   9           * Author: Truongvv
  10           *
  11           * Last Changed By:  $Author: Truongvv $
  12           * Revision:         $Revision: 1.0 $
  13           * Last Changed:     $Date: x/x/xxxx $
  14           */
  15          
  16          #include "N76E003.h"
  17          #include "SFR_Macro.h"
  18          #include "Function_Define.h"
  19          #include "pwm.h"
  20          #include "delay.h"
  21          /**
  22           * @func   PWM_Init
  23           * @brief  None
  24           * @param  
  25           * @retval None
  26           */
  27          void PWM_Init (void)
  28          {
  29   1          PIOCON0 |= (1 << 2);    // P10 is pin PWM output
  30   1          PWMCON0 |= (1 << 4);    // Clear PWM 16BIT COUNTER
  31   1          CKCON   &= ~(1 << 6);   // Clock PWM is Clock SYS
  32   1          PWMCON1 |= (1 << 2);    // DIV Clock 16 = 1M
  33   1      }
  34            
  35          
  36          /**
  37           * @func   PWM_CreatedPeriodDuty
  38           * @brief  None
  39           * @param  
  40           * @retval None
  41           */
  42          void PWM_CreatedPeriodDuty (uint16_t pwmDuty)
  43          {
  44   1          uint16_t vruiPwmDuty;
  45   1          PWMCON0 &= ~(1 << 7);
  46   1          vruiPwmDuty = (uint16_t) pwmDuty;
  47   1          PWMPL = 0x98;
  48   1          PWMPH = 0x3A; //      15khz
  49   1          PWM2H = vruiPwmDuty >> 8; // DUTY 
  50   1          PWM2L = (vruiPwmDuty - PWM1H*256);
  51   1          PWMCON0 |= (1 << 7); // Start run
  52   1      }
  53          
  54          /**
C51 COMPILER V9.60.0.0   PWM                                                               01/31/2021 11:14:45 PAGE 2   

  55           * @func   PWM_Stop
  56           * @brief  None 
  57           * @param  
  58           * @retval None
  59           */
  60          void PWM_Stop(uint16_t pwmDuty)
  61          {
  62   1        uint16_t i;
  63   1          for(i = pwmDuty; i <= 15000; i=i+100)
  64   1          {
  65   2              PWM_CreatedPeriodDuty(i);
  66   2              delay_ms(100);      
  67   2          }
  68   1      }
  69          
  70          /**
  71           * @func   PWM_Start
  72           * @brief  None
  73           * @param  
  74           * @retval None
  75           */
  76          void PWM_Start(uint16_t pwmDuty)
  77          {
  78   1        uint16_t i;
  79   1          for(i = 15000; i > pwmDuty; i=i-100)
  80   1          {
  81   2              PWM_CreatedPeriodDuty(i);
  82   2              delay_ms(100);      
  83   2          }
  84   1      
  85   1      }


MODULE INFORMATION:   STATIC OVERLAYABLE
   CODE SIZE        =    151    ----
   CONSTANT SIZE    =   ----    ----
   XDATA SIZE       =   ----       6
   PDATA SIZE       =   ----    ----
   DATA SIZE        =   ----    ----
   IDATA SIZE       =   ----    ----
   BIT SIZE         =   ----    ----
END OF MODULE INFORMATION.


C51 COMPILATION COMPLETE.  0 WARNING(S),  0 ERROR(S)
